[27-Feb-2026 14:28:43 Asia/Colombo] Query Error: SQLSTATE[42S02]: Base table or view not found: 1146 Table 'hospital_management.users' doesn't exist SQL: SELECT * FROM users WHERE username = :username LIMIT 1
[27-Feb-2026 14:28:43 Asia/Colombo] Router Error: Database query failed
[27-Feb-2026 14:39:43 Asia/Colombo] PHP Fatal error:  Uncaught Error: Call to undefined method Database::getDatabaseName() in C:\xampp\htdocs\HMS\test_db.php:26
Stack trace:
#0 {main}
  thrown in C:\xampp\htdocs\HMS\test_db.php on line 26
[27-Feb-2026 14:41:46 Asia/Colombo] PHP Fatal error:  Uncaught Error: Call to undefined method Database::getDatabaseName() in C:\xampp\htdocs\HMS\test_db.php:26
Stack trace:
#0 {main}
  thrown in C:\xampp\htdocs\HMS\test_db.php on line 26
[27-Feb-2026 14:48:44 Asia/Colombo] Query Error: SQLSTATE[42S02]: Base table or view not found: 1146 Table 'hospital_management.users' doesn't exist SQL: SELECT * FROM users WHERE username = :username LIMIT 1
[27-Feb-2026 14:48:44 Asia/Colombo] Router Error: Database query failed
[27-Feb-2026 14:49:02 Asia/Colombo] Query Error: SQLSTATE[42S02]: Base table or view not found: 1146 Table 'hospital_management.users' doesn't exist SQL: SELECT * FROM users WHERE username = :username LIMIT 1
[27-Feb-2026 14:49:02 Asia/Colombo] Router Error: Database query failed
[27-Feb-2026 14:49:16 Asia/Colombo] PHP Fatal error:  Uncaught Error: Call to undefined method Database::getDatabaseName() in C:\xampp\htdocs\HMS\test_db.php:26
Stack trace:
#0 {main}
  thrown in C:\xampp\htdocs\HMS\test_db.php on line 26
[27-Feb-2026 14:49:42 Asia/Colombo] PHP Fatal error:  Uncaught Error: Call to undefined method Database::getDatabaseName() in C:\xampp\htdocs\HMS\test_db.php:26
Stack trace:
#0 {main}
  thrown in C:\xampp\htdocs\HMS\test_db.php on line 26
[27-Feb-2026 14:52:06 Asia/Colombo] Query Error: SQLSTATE[42S02]: Base table or view not found: 1146 Table 'hospital_management.users' doesn't exist SQL: SELECT * FROM users WHERE username = :username LIMIT 1
[27-Feb-2026 14:52:06 Asia/Colombo] Router Error: Database query failed
[27-Feb-2026 15:01:06 Asia/Colombo] PHP Fatal error:  Cannot redeclare base_url() (previously declared in C:\xampp\htdocs\HMS\config\config.php:109) in C:\xampp\htdocs\HMS\includes\functions.php on line 15
[27-Feb-2026 15:01:10 Asia/Colombo] PHP Fatal error:  Cannot redeclare base_url() (previously declared in C:\xampp\htdocs\HMS\config\config.php:109) in C:\xampp\htdocs\HMS\includes\functions.php on line 15
[27-Feb-2026 15:01:37 Asia/Colombo] PHP Fatal error:  Cannot redeclare base_url() (previously declared in C:\xampp\htdocs\HMS\config\config.php:109) in C:\xampp\htdocs\HMS\includes\functions.php on line 15
[27-Feb-2026 15:01:39 Asia/Colombo] PHP Fatal error:  Cannot redeclare base_url() (previously declared in C:\xampp\htdocs\HMS\config\config.php:109) in C:\xampp\htdocs\HMS\includes\functions.php on line 15
[27-Feb-2026 15:03:44 Asia/Colombo] PHP Fatal error:  Cannot redeclare base_url() (previously declared in C:\xampp\htdocs\HMS\config\config.php:109) in C:\xampp\htdocs\HMS\includes\functions.php on line 15
[27-Feb-2026 15:03:45 Asia/Colombo] PHP Fatal error:  Cannot redeclare base_url() (previously declared in C:\xampp\htdocs\HMS\config\config.php:109) in C:\xampp\htdocs\HMS\includes\functions.php on line 15
[27-Feb-2026 15:05:58 Asia/Colombo] PHP Fatal error:  Cannot redeclare base_url() (previously declared in C:\xampp\htdocs\HMS\config\config.php:109) in C:\xampp\htdocs\HMS\includes\functions.php on line 15
[27-Feb-2026 15:06:00 Asia/Colombo] PHP Fatal error:  Cannot redeclare base_url() (previously declared in C:\xampp\htdocs\HMS\config\config.php:109) in C:\xampp\htdocs\HMS\includes\functions.php on line 15
[27-Feb-2026 15:06:45 Asia/Colombo] PHP Fatal error:  Cannot redeclare base_url() (previously declared in C:\xampp\htdocs\HMS\config\config.php:109) in C:\xampp\htdocs\HMS\includes\functions.php on line 15
[27-Feb-2026 15:07:20 Asia/Colombo] PHP Fatal error:  Cannot redeclare base_url() (previously declared in C:\xampp\htdocs\HMS\config\config.php:109) in C:\xampp\htdocs\HMS\includes\functions.php on line 15
[27-Feb-2026 15:07:30 Asia/Colombo] PHP Fatal error:  Cannot redeclare base_url() (previously declared in C:\xampp\htdocs\HMS\config\config.php:109) in C:\xampp\htdocs\HMS\includes\functions.php on line 15
[27-Feb-2026 15:26:36 Asia/Colombo] PHP Fatal error:  Uncaught Error: Class "Database" not found in C:\xampp\htdocs\HMS\core\Controller.php:17
Stack trace:
#0 C:\xampp\htdocs\HMS\controllers\AuthController.php(13): Controller->__construct()
#1 C:\xampp\htdocs\HMS\core\Router.php(63): AuthController->__construct()
#2 C:\xampp\htdocs\HMS\index.php(193): Router->dispatch('register')
#3 {main}
  thrown in C:\xampp\htdocs\HMS\core\Controller.php on line 17
[27-Feb-2026 15:49:21 Asia/Colombo] PHP Fatal error:  Cannot redeclare redirect() (previously declared in C:\xampp\htdocs\HMS\includes\functions.php:33) in C:\xampp\htdocs\HMS\views\layouts\default.php on line 35
[27-Feb-2026 15:49:22 Asia/Colombo] PHP Fatal error:  Cannot redeclare redirect() (previously declared in C:\xampp\htdocs\HMS\includes\functions.php:33) in C:\xampp\htdocs\HMS\views\layouts\default.php on line 35
[27-Feb-2026 15:49:28 Asia/Colombo] PHP Fatal error:  Cannot redeclare redirect() (previously declared in C:\xampp\htdocs\HMS\includes\functions.php:33) in C:\xampp\htdocs\HMS\views\layouts\default.php on line 35
[27-Feb-2026 15:50:42 Asia/Colombo] PHP Fatal error:  Cannot redeclare redirect() (previously declared in C:\xampp\htdocs\HMS\includes\functions.php:33) in C:\xampp\htdocs\HMS\views\layouts\default.php on line 35
[27-Feb-2026 15:50:43 Asia/Colombo] PHP Fatal error:  Cannot redeclare redirect() (previously declared in C:\xampp\htdocs\HMS\includes\functions.php:33) in C:\xampp\htdocs\HMS\views\layouts\default.php on line 35
[27-Feb-2026 16:16:31 Asia/Colombo] Query Error: SQLSTATE[HY093]: Invalid parameter number SQL: SELECT * FROM users WHERE email = :login OR username = :login LIMIT 1
[27-Feb-2026 16:16:31 Asia/Colombo] Router Error: Database query failed: SQLSTATE[HY093]: Invalid parameter number
[27-Feb-2026 16:16:33 Asia/Colombo] Query Error: SQLSTATE[HY093]: Invalid parameter number SQL: SELECT * FROM users WHERE email = :login OR username = :login LIMIT 1
[27-Feb-2026 16:16:33 Asia/Colombo] Router Error: Database query failed: SQLSTATE[HY093]: Invalid parameter number
[27-Feb-2026 16:28:47 Asia/Colombo] Dispatching URL: HOME
[27-Feb-2026 16:31:36 Asia/Colombo] Dispatching URL: HOME
[27-Feb-2026 16:34:11 Asia/Colombo] Dispatching URL: register
[27-Feb-2026 16:34:18 Asia/Colombo] Dispatching URL: login
[27-Feb-2026 16:34:33 Asia/Colombo] Dispatching URL: login
[27-Feb-2026 16:34:40 Asia/Colombo] Dispatching URL: register
[27-Feb-2026 16:34:41 Asia/Colombo] Dispatching URL: register
[27-Feb-2026 16:38:53 Asia/Colombo] Dispatching URL: register
[27-Feb-2026 16:38:53 Asia/Colombo] PHP Warning:  Undefined variable $csrf_token in C:\xampp\htdocs\HMS\views\auth\register.php on line 111
[27-Feb-2026 16:39:02 Asia/Colombo] Dispatching URL: login
[27-Feb-2026 16:39:02 Asia/Colombo] PHP Warning:  Undefined variable $csrf_token in C:\xampp\htdocs\HMS\views\auth\login.php on line 122
[27-Feb-2026 16:39:04 Asia/Colombo] Dispatching URL: login
[27-Feb-2026 16:39:04 Asia/Colombo] PHP Warning:  Undefined variable $csrf_token in C:\xampp\htdocs\HMS\views\auth\login.php on line 122
[27-Feb-2026 16:45:15 Asia/Colombo] Dispatching URL: login
[27-Feb-2026 16:45:15 Asia/Colombo] PHP Warning:  Undefined variable $csrf_token in C:\xampp\htdocs\HMS\views\auth\login.php on line 122
[27-Feb-2026 16:55:58 Asia/Colombo] PHP Fatal error:  Cannot redeclare asset() (previously declared in C:\xampp\htdocs\HMS\index.php:231) in C:\xampp\htdocs\HMS\includes\functions.php on line 42
[27-Feb-2026 16:56:46 Asia/Colombo] PHP Fatal error:  Cannot redeclare asset() (previously declared in C:\xampp\htdocs\HMS\index.php:231) in C:\xampp\htdocs\HMS\includes\functions.php on line 42
[27-Feb-2026 17:06:25 Asia/Colombo] PHP Fatal error:  Cannot redeclare asset() (previously declared in C:\xampp\htdocs\HMS\index.php:231) in C:\xampp\htdocs\HMS\includes\functions.php on line 42
[27-Feb-2026 17:14:25 Asia/Colombo] PHP Fatal error:  Cannot redeclare asset() (previously declared in C:\xampp\htdocs\HMS\index.php:231) in C:\xampp\htdocs\HMS\includes\functions.php on line 42
[27-Feb-2026 17:17:41 Asia/Colombo] PHP Fatal error:  Cannot redeclare asset() (previously declared in C:\xampp\htdocs\HMS\index.php:231) in C:\xampp\htdocs\HMS\includes\functions.php on line 42
[27-Feb-2026 17:44:28 Asia/Colombo] PHP Fatal error:  Cannot redeclare asset() (previously declared in C:\xampp\htdocs\HMS\index.php:231) in C:\xampp\htdocs\HMS\includes\functions.php on line 42
[27-Feb-2026 17:45:16 Asia/Colombo] PHP Fatal error:  Cannot redeclare asset() (previously declared in C:\xampp\htdocs\HMS\index.php:231) in C:\xampp\htdocs\HMS\includes\functions.php on line 42
[27-Feb-2026 17:48:17 Asia/Colombo] PHP Fatal error:  Cannot redeclare asset() (previously declared in C:\xampp\htdocs\HMS\index.php:231) in C:\xampp\htdocs\HMS\includes\functions.php on line 42
[27-Feb-2026 15:52:44 Europe/Berlin] PHP Fatal error:  Declaration of SettingModel::paginate($page = 1, $perPage = 10) must be compatible with Model::paginate($page = 1, $perPage = 10, $orderBy = 'created_at', $direction = 'DESC') in C:\xampp\htdocs\HMS\models\SettingModel.php on line 157
[27-Feb-2026 15:54:15 Europe/Berlin] PHP Fatal error:  Uncaught Error: Call to undefined method Database::fetchPaginated() in C:\xampp\htdocs\HMS\core\Model.php:126
Stack trace:
#0 C:\xampp\htdocs\HMS\controllers\AdminController.php(86): Model->paginate(1, 20, 'created_at', 'DESC')
#1 C:\xampp\htdocs\HMS\core\Router.php(140): AdminController->users()
#2 C:\xampp\htdocs\HMS\core\Router.php(96): Router->callController('AdminController', 'users', Array)
#3 C:\xampp\htdocs\HMS\index.php(221): Router->dispatch('admin/users')
#4 {main}
  thrown in C:\xampp\htdocs\HMS\core\Model.php on line 126
[27-Feb-2026 16:16:11 Europe/Berlin] PHP Fatal error:  Uncaught Error: Call to undefined method Database::fetchPaginated() in C:\xampp\htdocs\HMS\core\Model.php:126
Stack trace:
#0 C:\xampp\htdocs\HMS\controllers\AdminController.php(86): Model->paginate(1, 20, 'created_at', 'DESC')
#1 C:\xampp\htdocs\HMS\core\Router.php(140): AdminController->users()
#2 C:\xampp\htdocs\HMS\core\Router.php(96): Router->callController('AdminController', 'users', Array)
#3 C:\xampp\htdocs\HMS\index.php(221): Router->dispatch('admin/users')
#4 {main}
  thrown in C:\xampp\htdocs\HMS\core\Model.php on line 126
[27-Feb-2026 16:18:22 Europe/Berlin] PHP Fatal error:  Uncaught Error: Call to undefined method AdminController::getPaginationData() in C:\xampp\htdocs\HMS\controllers\AdminController.php:83
Stack trace:
#0 C:\xampp\htdocs\HMS\core\Router.php(140): AdminController->users()
#1 C:\xampp\htdocs\HMS\core\Router.php(96): Router->callController('AdminController', 'users', Array)
#2 C:\xampp\htdocs\HMS\index.php(221): Router->dispatch('admin/users')
#3 {main}
  thrown in C:\xampp\htdocs\HMS\controllers\AdminController.php on line 83
[27-Feb-2026 16:21:06 Europe/Berlin] PHP Fatal error:  Uncaught TypeError: hash_equals(): Argument #2 ($user_string) must be of type string, null given in C:\xampp\htdocs\HMS\core\Controller.php:132
Stack trace:
#0 C:\xampp\htdocs\HMS\core\Controller.php(132): hash_equals(Object(SensitiveParameterValue), Object(SensitiveParameterValue))
#1 C:\xampp\htdocs\HMS\controllers\AdminController.php(243): Controller->validateCsrf(NULL)
#2 C:\xampp\htdocs\HMS\core\Router.php(140): AdminController->editUser('8')
#3 C:\xampp\htdocs\HMS\core\Router.php(96): Router->callController('AdminController', 'editUser', Array)
#4 C:\xampp\htdocs\HMS\index.php(221): Router->dispatch('admin/users/edi...')
#5 {main}
  thrown in C:\xampp\htdocs\HMS\core\Controller.php on line 132
[27-Feb-2026 16:23:36 Europe/Berlin] PHP Fatal error:  Uncaught Error: Call to undefined method AdminController::isAjax() in C:\xampp\htdocs\HMS\controllers\AdminController.php:427
Stack trace:
#0 C:\xampp\htdocs\HMS\core\Router.php(140): AdminController->toggleUserStatus('7')
#1 C:\xampp\htdocs\HMS\core\Router.php(96): Router->callController('AdminController', 'toggleUserStatu...', Array)
#2 C:\xampp\htdocs\HMS\index.php(221): Router->dispatch('admin/users/tog...')
#3 {main}
  thrown in C:\xampp\htdocs\HMS\controllers\AdminController.php on line 427
[27-Feb-2026 16:23:58 Europe/Berlin] PHP Fatal error:  Uncaught Error: Call to undefined method AdminController::isAjax() in C:\xampp\htdocs\HMS\controllers\AdminController.php:376
Stack trace:
#0 C:\xampp\htdocs\HMS\core\Router.php(140): AdminController->deleteUser('7')
#1 C:\xampp\htdocs\HMS\core\Router.php(96): Router->callController('AdminController', 'deleteUser', Array)
#2 C:\xampp\htdocs\HMS\index.php(221): Router->dispatch('admin/users/del...')
#3 {main}
  thrown in C:\xampp\htdocs\HMS\controllers\AdminController.php on line 376
[27-Feb-2026 16:29:41 Europe/Berlin] fetchPaginated Error: SQLSTATE[42S21]: Column already exists: 1060 Duplicate column name 'created_at'
[27-Feb-2026 16:29:58 Europe/Berlin] fetchPaginated Error: SQLSTATE[42S21]: Column already exists: 1060 Duplicate column name 'created_at'
[27-Feb-2026 16:32:39 Europe/Berlin] PHP Fatal error:  Uncaught TypeError: hash_equals(): Argument #2 ($user_string) must be of type string, null given in C:\xampp\htdocs\HMS\core\Controller.php:132
Stack trace:
#0 C:\xampp\htdocs\HMS\core\Controller.php(132): hash_equals(Object(SensitiveParameterValue), Object(SensitiveParameterValue))
#1 C:\xampp\htdocs\HMS\controllers\AdminController.php(117): Controller->validateCsrf(NULL)
#2 C:\xampp\htdocs\HMS\core\Router.php(140): AdminController->createUser()
#3 C:\xampp\htdocs\HMS\core\Router.php(96): Router->callController('AdminController', 'createUser', Array)
#4 C:\xampp\htdocs\HMS\index.php(221): Router->dispatch('admin/users/cre...')
#5 {main}
  thrown in C:\xampp\htdocs\HMS\core\Controller.php on line 132
[27-Feb-2026 16:38:56 Europe/Berlin] CSRF Error: Token is null or empty
[27-Feb-2026 16:41:48 Europe/Berlin] CSRF Error: Token is null or empty
[27-Feb-2026 16:43:42 Europe/Berlin] PHP Fatal error:  Uncaught Error: Undefined constant "UPLOAD_URL" in C:\xampp\htdocs\HMS\views\admin\doctors.php:30
Stack trace:
#0 C:\xampp\htdocs\HMS\core\Controller.php(31): require_once()
#1 C:\xampp\htdocs\HMS\core\Controller.php(40): Controller->view('admin/doctors', Array)
#2 C:\xampp\htdocs\HMS\controllers\AdminController.php(430): Controller->render('admin/doctors', Array, 'admin-layout')
#3 C:\xampp\htdocs\HMS\core\Router.php(140): AdminController->doctors()
#4 C:\xampp\htdocs\HMS\core\Router.php(96): Router->callController('AdminController', 'doctors', Array)
#5 C:\xampp\htdocs\HMS\index.php(221): Router->dispatch('admin/doctors')
#6 {main}
  thrown in C:\xampp\htdocs\HMS\views\admin\doctors.php on line 30
[27-Feb-2026 16:43:45 Europe/Berlin] PHP Fatal error:  Uncaught Error: Undefined constant "UPLOAD_URL" in C:\xampp\htdocs\HMS\views\admin\doctors.php:30
Stack trace:
#0 C:\xampp\htdocs\HMS\core\Controller.php(31): require_once()
#1 C:\xampp\htdocs\HMS\core\Controller.php(40): Controller->view('admin/doctors', Array)
#2 C:\xampp\htdocs\HMS\controllers\AdminController.php(430): Controller->render('admin/doctors', Array, 'admin-layout')
#3 C:\xampp\htdocs\HMS\core\Router.php(140): AdminController->doctors()
#4 C:\xampp\htdocs\HMS\core\Router.php(96): Router->callController('AdminController', 'doctors', Array)
#5 C:\xampp\htdocs\HMS\index.php(221): Router->dispatch('admin/doctors')
#6 {main}
  thrown in C:\xampp\htdocs\HMS\views\admin\doctors.php on line 30
[27-Feb-2026 16:43:50 Europe/Berlin] PHP Fatal error:  Uncaught Error: Undefined constant "UPLOAD_URL" in C:\xampp\htdocs\HMS\views\admin\doctors.php:30
Stack trace:
#0 C:\xampp\htdocs\HMS\core\Controller.php(31): require_once()
#1 C:\xampp\htdocs\HMS\core\Controller.php(40): Controller->view('admin/doctors', Array)
#2 C:\xampp\htdocs\HMS\controllers\AdminController.php(430): Controller->render('admin/doctors', Array, 'admin-layout')
#3 C:\xampp\htdocs\HMS\core\Router.php(140): AdminController->doctors()
#4 C:\xampp\htdocs\HMS\core\Router.php(96): Router->callController('AdminController', 'doctors', Array)
#5 C:\xampp\htdocs\HMS\index.php(221): Router->dispatch('admin/doctors')
#6 {main}
  thrown in C:\xampp\htdocs\HMS\views\admin\doctors.php on line 30
[27-Feb-2026 16:47:50 Europe/Berlin] PHP Fatal error:  Uncaught Error: Undefined constant "UPLOAD_URL" in C:\xampp\htdocs\HMS\views\admin\doctors.php:30
Stack trace:
#0 C:\xampp\htdocs\HMS\core\Controller.php(31): require_once()
#1 C:\xampp\htdocs\HMS\core\Controller.php(40): Controller->view('admin/doctors', Array)
#2 C:\xampp\htdocs\HMS\controllers\AdminController.php(463): Controller->render('admin/doctors', Array, 'admin-layout')
#3 C:\xampp\htdocs\HMS\core\Router.php(140): AdminController->doctors()
#4 C:\xampp\htdocs\HMS\core\Router.php(96): Router->callController('AdminController', 'doctors', Array)
#5 C:\xampp\htdocs\HMS\index.php(221): Router->dispatch('admin/doctors')
#6 {main}
  thrown in C:\xampp\htdocs\HMS\views\admin\doctors.php on line 30
[27-Feb-2026 16:47:51 Europe/Berlin] PHP Fatal error:  Uncaught Error: Undefined constant "UPLOAD_URL" in C:\xampp\htdocs\HMS\views\admin\doctors.php:30
Stack trace:
#0 C:\xampp\htdocs\HMS\core\Controller.php(31): require_once()
#1 C:\xampp\htdocs\HMS\core\Controller.php(40): Controller->view('admin/doctors', Array)
#2 C:\xampp\htdocs\HMS\controllers\AdminController.php(463): Controller->render('admin/doctors', Array, 'admin-layout')
#3 C:\xampp\htdocs\HMS\core\Router.php(140): AdminController->doctors()
#4 C:\xampp\htdocs\HMS\core\Router.php(96): Router->callController('AdminController', 'doctors', Array)
#5 C:\xampp\htdocs\HMS\index.php(221): Router->dispatch('admin/doctors')
#6 {main}
  thrown in C:\xampp\htdocs\HMS\views\admin\doctors.php on line 30
[27-Feb-2026 16:47:52 Europe/Berlin] PHP Fatal error:  Uncaught Error: Undefined constant "UPLOAD_URL" in C:\xampp\htdocs\HMS\views\admin\doctors.php:30
Stack trace:
#0 C:\xampp\htdocs\HMS\core\Controller.php(31): require_once()
#1 C:\xampp\htdocs\HMS\core\Controller.php(40): Controller->view('admin/doctors', Array)
#2 C:\xampp\htdocs\HMS\controllers\AdminController.php(463): Controller->render('admin/doctors', Array, 'admin-layout')
#3 C:\xampp\htdocs\HMS\core\Router.php(140): AdminController->doctors()
#4 C:\xampp\htdocs\HMS\core\Router.php(96): Router->callController('AdminController', 'doctors', Array)
#5 C:\xampp\htdocs\HMS\index.php(221): Router->dispatch('admin/doctors')
#6 {main}
  thrown in C:\xampp\htdocs\HMS\views\admin\doctors.php on line 30
[27-Feb-2026 16:48:09 Europe/Berlin] PHP Fatal error:  Uncaught Error: Undefined constant "UPLOAD_URL" in C:\xampp\htdocs\HMS\views\admin\doctors.php:30
Stack trace:
#0 C:\xampp\htdocs\HMS\core\Controller.php(31): require_once()
#1 C:\xampp\htdocs\HMS\core\Controller.php(40): Controller->view('admin/doctors', Array)
#2 C:\xampp\htdocs\HMS\controllers\AdminController.php(463): Controller->render('admin/doctors', Array, 'admin-layout')
#3 C:\xampp\htdocs\HMS\core\Router.php(140): AdminController->doctors()
#4 C:\xampp\htdocs\HMS\core\Router.php(96): Router->callController('AdminController', 'doctors', Array)
#5 C:\xampp\htdocs\HMS\index.php(221): Router->dispatch('admin/doctors')
#6 {main}
  thrown in C:\xampp\htdocs\HMS\views\admin\doctors.php on line 30
[27-Feb-2026 16:48:11 Europe/Berlin] PHP Fatal error:  Uncaught Error: Undefined constant "UPLOAD_URL" in C:\xampp\htdocs\HMS\views\admin\doctors.php:30
Stack trace:
#0 C:\xampp\htdocs\HMS\core\Controller.php(31): require_once()
#1 C:\xampp\htdocs\HMS\core\Controller.php(40): Controller->view('admin/doctors', Array)
#2 C:\xampp\htdocs\HMS\controllers\AdminController.php(463): Controller->render('admin/doctors', Array, 'admin-layout')
#3 C:\xampp\htdocs\HMS\core\Router.php(140): AdminController->doctors()
#4 C:\xampp\htdocs\HMS\core\Router.php(96): Router->callController('AdminController', 'doctors', Array)
#5 C:\xampp\htdocs\HMS\index.php(221): Router->dispatch('admin/doctors')
#6 {main}
  thrown in C:\xampp\htdocs\HMS\views\admin\doctors.php on line 30
[27-Feb-2026 16:48:50 Europe/Berlin] PHP Fatal error:  Uncaught Error: Undefined constant "UPLOAD_URL" in C:\xampp\htdocs\HMS\views\admin\doctors.php:30
Stack trace:
#0 C:\xampp\htdocs\HMS\core\Controller.php(31): require_once()
#1 C:\xampp\htdocs\HMS\core\Controller.php(40): Controller->view('admin/doctors', Array)
#2 C:\xampp\htdocs\HMS\controllers\AdminController.php(463): Controller->render('admin/doctors', Array, 'admin-layout')
#3 C:\xampp\htdocs\HMS\core\Router.php(140): AdminController->doctors()
#4 C:\xampp\htdocs\HMS\core\Router.php(96): Router->callController('AdminController', 'doctors', Array)
#5 C:\xampp\htdocs\HMS\index.php(221): Router->dispatch('admin/doctors')
#6 {main}
  thrown in C:\xampp\htdocs\HMS\views\admin\doctors.php on line 30
[27-Feb-2026 16:48:52 Europe/Berlin] PHP Fatal error:  Uncaught Error: Undefined constant "UPLOAD_URL" in C:\xampp\htdocs\HMS\views\admin\doctors.php:30
Stack trace:
#0 C:\xampp\htdocs\HMS\core\Controller.php(31): require_once()
#1 C:\xampp\htdocs\HMS\core\Controller.php(40): Controller->view('admin/doctors', Array)
#2 C:\xampp\htdocs\HMS\controllers\AdminController.php(463): Controller->render('admin/doctors', Array, 'admin-layout')
#3 C:\xampp\htdocs\HMS\core\Router.php(140): AdminController->doctors()
#4 C:\xampp\htdocs\HMS\core\Router.php(96): Router->callController('AdminController', 'doctors', Array)
#5 C:\xampp\htdocs\HMS\index.php(221): Router->dispatch('admin/doctors')
#6 {main}
  thrown in C:\xampp\htdocs\HMS\views\admin\doctors.php on line 30
[27-Feb-2026 16:50:00 Europe/Berlin] PHP Fatal error:  Uncaught Error: Undefined constant "UPLOAD_URL" in C:\xampp\htdocs\HMS\views\admin\doctors.php:30
Stack trace:
#0 C:\xampp\htdocs\HMS\core\Controller.php(31): require_once()
#1 C:\xampp\htdocs\HMS\core\Controller.php(40): Controller->view('admin/doctors', Array)
#2 C:\xampp\htdocs\HMS\controllers\AdminController.php(463): Controller->render('admin/doctors', Array, 'admin-layout')
#3 C:\xampp\htdocs\HMS\core\Router.php(140): AdminController->doctors()
#4 C:\xampp\htdocs\HMS\core\Router.php(96): Router->callController('AdminController', 'doctors', Array)
#5 C:\xampp\htdocs\HMS\index.php(221): Router->dispatch('admin/doctors')
#6 {main}
  thrown in C:\xampp\htdocs\HMS\views\admin\doctors.php on line 30
[27-Feb-2026 16:50:03 Europe/Berlin] PHP Fatal error:  Uncaught Error: Undefined constant "UPLOAD_URL" in C:\xampp\htdocs\HMS\views\admin\doctors.php:30
Stack trace:
#0 C:\xampp\htdocs\HMS\core\Controller.php(31): require_once()
#1 C:\xampp\htdocs\HMS\core\Controller.php(40): Controller->view('admin/doctors', Array)
#2 C:\xampp\htdocs\HMS\controllers\AdminController.php(463): Controller->render('admin/doctors', Array, 'admin-layout')
#3 C:\xampp\htdocs\HMS\core\Router.php(140): AdminController->doctors()
#4 C:\xampp\htdocs\HMS\core\Router.php(96): Router->callController('AdminController', 'doctors', Array)
#5 C:\xampp\htdocs\HMS\index.php(221): Router->dispatch('admin/doctors')
#6 {main}
  thrown in C:\xampp\htdocs\HMS\views\admin\doctors.php on line 30
[27-Feb-2026 16:51:36 Europe/Berlin] PHP Fatal error:  Uncaught Error: Undefined constant "UPLOAD_URL" in C:\xampp\htdocs\HMS\views\admin\doctors.php:104
Stack trace:
#0 C:\xampp\htdocs\HMS\core\Controller.php(31): require_once()
#1 C:\xampp\htdocs\HMS\core\Controller.php(40): Controller->view('admin/doctors', Array)
#2 C:\xampp\htdocs\HMS\controllers\AdminController.php(463): Controller->render('admin/doctors', Array, 'admin-layout')
#3 C:\xampp\htdocs\HMS\core\Router.php(140): AdminController->doctors()
#4 C:\xampp\htdocs\HMS\core\Router.php(96): Router->callController('AdminController', 'doctors', Array)
#5 C:\xampp\htdocs\HMS\index.php(221): Router->dispatch('admin/doctors')
#6 {main}
  thrown in C:\xampp\htdocs\HMS\views\admin\doctors.php on line 104
[27-Feb-2026 16:51:37 Europe/Berlin] PHP Fatal error:  Uncaught Error: Undefined constant "UPLOAD_URL" in C:\xampp\htdocs\HMS\views\admin\doctors.php:104
Stack trace:
#0 C:\xampp\htdocs\HMS\core\Controller.php(31): require_once()
#1 C:\xampp\htdocs\HMS\core\Controller.php(40): Controller->view('admin/doctors', Array)
#2 C:\xampp\htdocs\HMS\controllers\AdminController.php(463): Controller->render('admin/doctors', Array, 'admin-layout')
#3 C:\xampp\htdocs\HMS\core\Router.php(140): AdminController->doctors()
#4 C:\xampp\htdocs\HMS\core\Router.php(96): Router->callController('AdminController', 'doctors', Array)
#5 C:\xampp\htdocs\HMS\index.php(221): Router->dispatch('admin/doctors')
#6 {main}
  thrown in C:\xampp\htdocs\HMS\views\admin\doctors.php on line 104
[27-Feb-2026 16:54:12 Europe/Berlin] PHP Fatal error:  Uncaught Error: Undefined constant "UPLOAD_URL" in C:\xampp\htdocs\HMS\views\admin\profile.php:16
Stack trace:
#0 C:\xampp\htdocs\HMS\core\Controller.php(31): require_once()
#1 C:\xampp\htdocs\HMS\core\Controller.php(40): Controller->view('admin/profile', Array)
#2 C:\xampp\htdocs\HMS\controllers\AdminController.php(940): Controller->render('admin/profile', Array, 'admin-layout')
#3 C:\xampp\htdocs\HMS\core\Router.php(140): AdminController->profile()
#4 C:\xampp\htdocs\HMS\core\Router.php(96): Router->callController('AdminController', 'profile', Array)
#5 C:\xampp\htdocs\HMS\index.php(221): Router->dispatch('admin/profile')
#6 {main}
  thrown in C:\xampp\htdocs\HMS\views\admin\profile.php on line 16
[27-Feb-2026 16:54:44 Europe/Berlin] CSRF Error: Token is null or empty
[27-Feb-2026 16:55:04 Europe/Berlin] PHP Fatal error:  Uncaught Error: Undefined constant "UPLOAD_URL" in C:\xampp\htdocs\HMS\views\admin\doctors.php:148
Stack trace:
#0 C:\xampp\htdocs\HMS\core\Controller.php(31): require_once()
#1 C:\xampp\htdocs\HMS\core\Controller.php(40): Controller->view('admin/doctors', Array)
#2 C:\xampp\htdocs\HMS\controllers\AdminController.php(463): Controller->render('admin/doctors', Array, 'admin-layout')
#3 C:\xampp\htdocs\HMS\core\Router.php(140): AdminController->doctors()
#4 C:\xampp\htdocs\HMS\core\Router.php(96): Router->callController('AdminController', 'doctors', Array)
#5 C:\xampp\htdocs\HMS\index.php(221): Router->dispatch('admin/doctors')
#6 {main}
  thrown in C:\xampp\htdocs\HMS\views\admin\doctors.php on line 148
[27-Feb-2026 16:56:32 Europe/Berlin] PHP Fatal error:  Uncaught Error: Undefined constant "UPLOAD_URL" in C:\xampp\htdocs\HMS\views\admin\doctors.php:30
Stack trace:
#0 C:\xampp\htdocs\HMS\core\Controller.php(31): require_once()
#1 C:\xampp\htdocs\HMS\core\Controller.php(40): Controller->view('admin/doctors', Array)
#2 C:\xampp\htdocs\HMS\controllers\AdminController.php(463): Controller->render('admin/doctors', Array, 'admin-layout')
#3 C:\xampp\htdocs\HMS\core\Router.php(140): AdminController->doctors()
#4 C:\xampp\htdocs\HMS\core\Router.php(96): Router->callController('AdminController', 'doctors', Array)
#5 C:\xampp\htdocs\HMS\index.php(221): Router->dispatch('admin/doctors')
#6 {main}
  thrown in C:\xampp\htdocs\HMS\views\admin\doctors.php on line 30
[27-Feb-2026 16:56:33 Europe/Berlin] PHP Fatal error:  Uncaught Error: Undefined constant "UPLOAD_URL" in C:\xampp\htdocs\HMS\views\admin\doctors.php:30
Stack trace:
#0 C:\xampp\htdocs\HMS\core\Controller.php(31): require_once()
#1 C:\xampp\htdocs\HMS\core\Controller.php(40): Controller->view('admin/doctors', Array)
#2 C:\xampp\htdocs\HMS\controllers\AdminController.php(463): Controller->render('admin/doctors', Array, 'admin-layout')
#3 C:\xampp\htdocs\HMS\core\Router.php(140): AdminController->doctors()
#4 C:\xampp\htdocs\HMS\core\Router.php(96): Router->callController('AdminController', 'doctors', Array)
#5 C:\xampp\htdocs\HMS\index.php(221): Router->dispatch('admin/doctors')
#6 {main}
  thrown in C:\xampp\htdocs\HMS\views\admin\doctors.php on line 30
[27-Feb-2026 16:56:41 Europe/Berlin] PHP Fatal error:  Uncaught Error: Undefined constant "UPLOAD_URL" in C:\xampp\htdocs\HMS\views\admin\doctors.php:30
Stack trace:
#0 C:\xampp\htdocs\HMS\core\Controller.php(31): require_once()
#1 C:\xampp\htdocs\HMS\core\Controller.php(40): Controller->view('admin/doctors', Array)
#2 C:\xampp\htdocs\HMS\controllers\AdminController.php(463): Controller->render('admin/doctors', Array, 'admin-layout')
#3 C:\xampp\htdocs\HMS\core\Router.php(140): AdminController->doctors()
#4 C:\xampp\htdocs\HMS\core\Router.php(96): Router->callController('AdminController', 'doctors', Array)
#5 C:\xampp\htdocs\HMS\index.php(221): Router->dispatch('admin/doctors')
#6 {main}
  thrown in C:\xampp\htdocs\HMS\views\admin\doctors.php on line 30
[27-Feb-2026 16:56:54 Europe/Berlin] PHP Fatal error:  Uncaught Error: Undefined constant "UPLOAD_URL" in C:\xampp\htdocs\HMS\views\admin\doctors.php:30
Stack trace:
#0 C:\xampp\htdocs\HMS\core\Controller.php(31): require_once()
#1 C:\xampp\htdocs\HMS\core\Controller.php(40): Controller->view('admin/doctors', Array)
#2 C:\xampp\htdocs\HMS\controllers\AdminController.php(463): Controller->render('admin/doctors', Array, 'admin-layout')
#3 C:\xampp\htdocs\HMS\core\Router.php(140): AdminController->doctors()
#4 C:\xampp\htdocs\HMS\core\Router.php(96): Router->callController('AdminController', 'doctors', Array)
#5 C:\xampp\htdocs\HMS\index.php(221): Router->dispatch('admin/doctors')
#6 {main}
  thrown in C:\xampp\htdocs\HMS\views\admin\doctors.php on line 30
[27-Feb-2026 16:58:30 Europe/Berlin] CSRF Error: Token is null or empty
[27-Feb-2026 16:58:44 Europe/Berlin] CSRF Error: Token is null or empty
[27-Feb-2026 16:59:02 Europe/Berlin] PHP Fatal error:  Uncaught Error: Undefined constant "UPLOAD_URL" in C:\xampp\htdocs\HMS\views\admin\doctors.php:187
Stack trace:
#0 C:\xampp\htdocs\HMS\core\Controller.php(31): require_once()
#1 C:\xampp\htdocs\HMS\core\Controller.php(40): Controller->view('admin/doctors', Array)
#2 C:\xampp\htdocs\HMS\controllers\AdminController.php(463): Controller->render('admin/doctors', Array, 'admin-layout')
#3 C:\xampp\htdocs\HMS\core\Router.php(140): AdminController->doctors()
#4 C:\xampp\htdocs\HMS\core\Router.php(96): Router->callController('AdminController', 'doctors', Array)
#5 C:\xampp\htdocs\HMS\index.php(221): Router->dispatch('admin/doctors')
#6 {main}
  thrown in C:\xampp\htdocs\HMS\views\admin\doctors.php on line 187
[27-Feb-2026 16:59:20 Europe/Berlin] fetchPaginated Error: SQLSTATE[42S21]: Column already exists: 1060 Duplicate column name 'created_at'
[27-Feb-2026 17:00:09 Europe/Berlin] PHP Fatal error:  Uncaught Error: Undefined constant "UPLOAD_URL" in C:\xampp\htdocs\HMS\views\admin\doctors.php:187
Stack trace:
#0 C:\xampp\htdocs\HMS\core\Controller.php(31): require_once()
#1 C:\xampp\htdocs\HMS\core\Controller.php(40): Controller->view('admin/doctors', Array)
#2 C:\xampp\htdocs\HMS\controllers\AdminController.php(463): Controller->render('admin/doctors', Array, 'admin-layout')
#3 C:\xampp\htdocs\HMS\core\Router.php(140): AdminController->doctors()
#4 C:\xampp\htdocs\HMS\core\Router.php(96): Router->callController('AdminController', 'doctors', Array)
#5 C:\xampp\htdocs\HMS\index.php(221): Router->dispatch('admin/doctors')
#6 {main}
  thrown in C:\xampp\htdocs\HMS\views\admin\doctors.php on line 187
[27-Feb-2026 17:00:10 Europe/Berlin] PHP Fatal error:  Uncaught Error: Undefined constant "UPLOAD_URL" in C:\xampp\htdocs\HMS\views\admin\doctors.php:187
Stack trace:
#0 C:\xampp\htdocs\HMS\core\Controller.php(31): require_once()
#1 C:\xampp\htdocs\HMS\core\Controller.php(40): Controller->view('admin/doctors', Array)
#2 C:\xampp\htdocs\HMS\controllers\AdminController.php(463): Controller->render('admin/doctors', Array, 'admin-layout')
#3 C:\xampp\htdocs\HMS\core\Router.php(140): AdminController->doctors()
#4 C:\xampp\htdocs\HMS\core\Router.php(96): Router->callController('AdminController', 'doctors', Array)
#5 C:\xampp\htdocs\HMS\index.php(221): Router->dispatch('admin/doctors')
#6 {main}
  thrown in C:\xampp\htdocs\HMS\views\admin\doctors.php on line 187
[27-Feb-2026 17:00:11 Europe/Berlin] PHP Fatal error:  Uncaught Error: Undefined constant "UPLOAD_URL" in C:\xampp\htdocs\HMS\views\admin\doctors.php:187
Stack trace:
#0 C:\xampp\htdocs\HMS\core\Controller.php(31): require_once()
#1 C:\xampp\htdocs\HMS\core\Controller.php(40): Controller->view('admin/doctors', Array)
#2 C:\xampp\htdocs\HMS\controllers\AdminController.php(463): Controller->render('admin/doctors', Array, 'admin-layout')
#3 C:\xampp\htdocs\HMS\core\Router.php(140): AdminController->doctors()
#4 C:\xampp\htdocs\HMS\core\Router.php(96): Router->callController('AdminController', 'doctors', Array)
#5 C:\xampp\htdocs\HMS\index.php(221): Router->dispatch('admin/doctors')
#6 {main}
  thrown in C:\xampp\htdocs\HMS\views\admin\doctors.php on line 187
[27-Feb-2026 17:02:28 Europe/Berlin] PHP Fatal error:  Uncaught Error: Undefined constant "UPLOAD_URL" in C:\xampp\htdocs\HMS\views\admin\doctors.php:187
Stack trace:
#0 C:\xampp\htdocs\HMS\core\Controller.php(31): require_once()
#1 C:\xampp\htdocs\HMS\core\Controller.php(40): Controller->view('admin/doctors', Array)
#2 C:\xampp\htdocs\HMS\controllers\AdminController.php(463): Controller->render('admin/doctors', Array, 'admin-layout')
#3 C:\xampp\htdocs\HMS\core\Router.php(140): AdminController->doctors()
#4 C:\xampp\htdocs\HMS\core\Router.php(96): Router->callController('AdminController', 'doctors', Array)
#5 C:\xampp\htdocs\HMS\index.php(221): Router->dispatch('admin/doctors')
#6 {main}
  thrown in C:\xampp\htdocs\HMS\views\admin\doctors.php on line 187
[27-Feb-2026 17:02:28 Europe/Berlin] PHP Fatal error:  Uncaught Error: Undefined constant "UPLOAD_URL" in C:\xampp\htdocs\HMS\views\admin\doctors.php:187
Stack trace:
#0 C:\xampp\htdocs\HMS\core\Controller.php(31): require_once()
#1 C:\xampp\htdocs\HMS\core\Controller.php(40): Controller->view('admin/doctors', Array)
#2 C:\xampp\htdocs\HMS\controllers\AdminController.php(463): Controller->render('admin/doctors', Array, 'admin-layout')
#3 C:\xampp\htdocs\HMS\core\Router.php(140): AdminController->doctors()
#4 C:\xampp\htdocs\HMS\core\Router.php(96): Router->callController('AdminController', 'doctors', Array)
#5 C:\xampp\htdocs\HMS\index.php(221): Router->dispatch('admin/doctors')
#6 {main}
  thrown in C:\xampp\htdocs\HMS\views\admin\doctors.php on line 187
[27-Feb-2026 17:03:06 Europe/Berlin] PHP Fatal error:  Uncaught Error: Undefined constant "UPLOAD_URL" in C:\xampp\htdocs\HMS\views\admin\doctors.php:187
Stack trace:
#0 C:\xampp\htdocs\HMS\core\Controller.php(31): require_once()
#1 C:\xampp\htdocs\HMS\core\Controller.php(40): Controller->view('admin/doctors', Array)
#2 C:\xampp\htdocs\HMS\controllers\AdminController.php(463): Controller->render('admin/doctors', Array, 'admin-layout')
#3 C:\xampp\htdocs\HMS\core\Router.php(140): AdminController->doctors()
#4 C:\xampp\htdocs\HMS\core\Router.php(96): Router->callController('AdminController', 'doctors', Array)
#5 C:\xampp\htdocs\HMS\index.php(221): Router->dispatch('admin/doctors')
#6 {main}
  thrown in C:\xampp\htdocs\HMS\views\admin\doctors.php on line 187
[27-Feb-2026 17:04:02 Europe/Berlin] PHP Fatal error:  Uncaught Error: Undefined constant "UPLOAD_URL" in C:\xampp\htdocs\HMS\views\admin\doctors.php:187
Stack trace:
#0 C:\xampp\htdocs\HMS\core\Controller.php(31): require_once()
#1 C:\xampp\htdocs\HMS\core\Controller.php(40): Controller->view('admin/doctors', Array)
#2 C:\xampp\htdocs\HMS\controllers\AdminController.php(463): Controller->render('admin/doctors', Array, 'admin-layout')
#3 C:\xampp\htdocs\HMS\core\Router.php(140): AdminController->doctors()
#4 C:\xampp\htdocs\HMS\core\Router.php(96): Router->callController('AdminController', 'doctors', Array)
#5 C:\xampp\htdocs\HMS\index.php(221): Router->dispatch('admin/doctors')
#6 {main}
  thrown in C:\xampp\htdocs\HMS\views\admin\doctors.php on line 187
[27-Feb-2026 17:04:02 Europe/Berlin] PHP Fatal error:  Uncaught Error: Undefined constant "UPLOAD_URL" in C:\xampp\htdocs\HMS\views\admin\doctors.php:187
Stack trace:
#0 C:\xampp\htdocs\HMS\core\Controller.php(31): require_once()
#1 C:\xampp\htdocs\HMS\core\Controller.php(40): Controller->view('admin/doctors', Array)
#2 C:\xampp\htdocs\HMS\controllers\AdminController.php(463): Controller->render('admin/doctors', Array, 'admin-layout')
#3 C:\xampp\htdocs\HMS\core\Router.php(140): AdminController->doctors()
#4 C:\xampp\htdocs\HMS\core\Router.php(96): Router->callController('AdminController', 'doctors', Array)
#5 C:\xampp\htdocs\HMS\index.php(221): Router->dispatch('admin/doctors')
#6 {main}
  thrown in C:\xampp\htdocs\HMS\views\admin\doctors.php on line 187
[27-Feb-2026 17:05:36 Europe/Berlin] PHP Fatal error:  Uncaught Error: Undefined constant "UPLOAD_URL" in C:\xampp\htdocs\HMS\views\admin\doctors.php:187
Stack trace:
#0 C:\xampp\htdocs\HMS\core\Controller.php(31): require_once()
#1 C:\xampp\htdocs\HMS\core\Controller.php(40): Controller->view('admin/doctors', Array)
#2 C:\xampp\htdocs\HMS\controllers\AdminController.php(463): Controller->render('admin/doctors', Array, 'admin-layout')
#3 C:\xampp\htdocs\HMS\core\Router.php(140): AdminController->doctors()
#4 C:\xampp\htdocs\HMS\core\Router.php(96): Router->callController('AdminController', 'doctors', Array)
#5 C:\xampp\htdocs\HMS\index.php(221): Router->dispatch('admin/doctors')
#6 {main}
  thrown in C:\xampp\htdocs\HMS\views\admin\doctors.php on line 187
[27-Feb-2026 18:09:59 Europe/Berlin] fetchPaginated Error: SQLSTATE[42S21]: Column already exists: 1060 Duplicate column name 'created_at'
[27-Feb-2026 18:10:12 Europe/Berlin] fetchPaginated Error: SQLSTATE[42S21]: Column already exists: 1060 Duplicate column name 'created_at'
[27-Feb-2026 18:10:23 Europe/Berlin] CSRF Error: Token is null or empty
[27-Feb-2026 18:10:32 Europe/Berlin] CSRF Error: Token is null or empty
[27-Feb-2026 18:11:09 Europe/Berlin] CSRF Error: Token is null or empty
[27-Feb-2026 18:13:03 Europe/Berlin] fetchPaginated Error: SQLSTATE[42S21]: Column already exists: 1060 Duplicate column name 'created_at'
[27-Feb-2026 18:13:08 Europe/Berlin] fetchPaginated Error: SQLSTATE[42S21]: Column already exists: 1060 Duplicate column name 'created_at'
[27-Feb-2026 18:13:25 Europe/Berlin] CSRF Error: Token is null or empty
[27-Feb-2026 18:14:40 Europe/Berlin] CSRF Error: Token is null or empty
[27-Feb-2026 18:19:20 Europe/Berlin] CSRF Error: Token is null or empty
[27-Feb-2026 18:19:33 Europe/Berlin] CSRF Error: Token is null or empty
[27-Feb-2026 18:27:32 Europe/Berlin] CSRF Error: Token is null or empty
[27-Feb-2026 18:27:36 Europe/Berlin] fetchPaginated Error: SQLSTATE[42S21]: Column already exists: 1060 Duplicate column name 'created_at'
[27-Feb-2026 18:28:29 Europe/Berlin] PHP Warning:  require_once(C:\xampp\htdocs\HMS\views\home/config/config.php): Failed to open stream: No such file or directory in C:\xampp\htdocs\HMS\views\home\index.php on line 11
[27-Feb-2026 18:28:29 Europe/Berlin] PHP Fatal error:  Uncaught Error: Failed opening required 'C:\xampp\htdocs\HMS\views\home/config/config.php' (include_path='C:\xampp\php\PEAR') in C:\xampp\htdocs\HMS\views\home\index.php:11
Stack trace:
#0 C:\xampp\htdocs\HMS\core\Controller.php(31): require_once()
#1 C:\xampp\htdocs\HMS\core\Controller.php(40): Controller->view('home/index', Array)
#2 C:\xampp\htdocs\HMS\controllers\HomeController.php(19): Controller->render('home/index', Array)
#3 C:\xampp\htdocs\HMS\core\Router.php(140): HomeController->index()
#4 C:\xampp\htdocs\HMS\core\Router.php(96): Router->callController('HomeController', 'index', Array)
#5 C:\xampp\htdocs\HMS\index.php(221): Router->dispatch('')
#6 {main}
  thrown in C:\xampp\htdocs\HMS\views\home\index.php on line 11
[27-Feb-2026 18:30:29 Europe/Berlin] PHP Warning:  require_once(C:\xampp\htdocs\HMS\views\home/config/constants.php): Failed to open stream: No such file or directory in C:\xampp\htdocs\HMS\views\home\index.php on line 12
[27-Feb-2026 18:30:29 Europe/Berlin] PHP Fatal error:  Uncaught Error: Failed opening required 'C:\xampp\htdocs\HMS\views\home/config/constants.php' (include_path='C:\xampp\php\PEAR') in C:\xampp\htdocs\HMS\views\home\index.php:12
Stack trace:
#0 C:\xampp\htdocs\HMS\core\Controller.php(31): require_once()
#1 C:\xampp\htdocs\HMS\core\Controller.php(40): Controller->view('home/index', Array)
#2 C:\xampp\htdocs\HMS\controllers\HomeController.php(19): Controller->render('home/index', Array)
#3 C:\xampp\htdocs\HMS\core\Router.php(140): HomeController->index()
#4 C:\xampp\htdocs\HMS\core\Router.php(96): Router->callController('HomeController', 'index', Array)
#5 C:\xampp\htdocs\HMS\index.php(221): Router->dispatch('')
#6 {main}
  thrown in C:\xampp\htdocs\HMS\views\home\index.php on line 12
[27-Feb-2026 18:31:21 Europe/Berlin] PHP Warning:  require_once(C:\xampp\htdocs\HMS\views\home/core/Router.php): Failed to open stream: No such file or directory in C:\xampp\htdocs\HMS\views\home\index.php on line 16
[27-Feb-2026 18:31:21 Europe/Berlin] PHP Fatal error:  Uncaught Error: Failed opening required 'C:\xampp\htdocs\HMS\views\home/core/Router.php' (include_path='C:\xampp\php\PEAR') in C:\xampp\htdocs\HMS\views\home\index.php:16
Stack trace:
#0 C:\xampp\htdocs\HMS\core\Controller.php(31): require_once()
#1 C:\xampp\htdocs\HMS\core\Controller.php(40): Controller->view('home/index', Array)
#2 C:\xampp\htdocs\HMS\controllers\HomeController.php(19): Controller->render('home/index', Array)
#3 C:\xampp\htdocs\HMS\core\Router.php(140): HomeController->index()
#4 C:\xampp\htdocs\HMS\core\Router.php(96): Router->callController('HomeController', 'index', Array)
#5 C:\xampp\htdocs\HMS\index.php(221): Router->dispatch('')
#6 {main}
  thrown in C:\xampp\htdocs\HMS\views\home\index.php on line 16
[27-Feb-2026 18:35:21 Europe/Berlin] CSRF Error: Token is null or empty
[27-Feb-2026 18:40:55 Europe/Berlin] PHP Warning:  Undefined variable $csrf_token in C:\xampp\htdocs\HMS\views\auth\register.php on line 111
[27-Feb-2026 18:41:27 Europe/Berlin] New user registered: kumari@gmail.com
[27-Feb-2026 18:41:42 Europe/Berlin] Login successful: kumari@gmail.com as patient
[27-Feb-2026 18:41:56 Europe/Berlin] Login successful: kumari@gmail.com as patient
[27-Feb-2026 18:42:12 Europe/Berlin] Login successful: kumari@gmail.com as patient
[27-Feb-2026 18:43:35 Europe/Berlin] Login failed: Password mismatch for user - Udeshi
[27-Feb-2026 18:43:35 Europe/Berlin] Stored password: password123
[27-Feb-2026 18:43:35 Europe/Berlin] Submitted password: 123456
[27-Feb-2026 18:44:18 Europe/Berlin] Login successful: kumari@gmail.com as patient
[27-Feb-2026 18:52:15 Europe/Berlin] Login failed: Password mismatch for user - Udeshi
[27-Feb-2026 18:52:15 Europe/Berlin] Stored password: password123
[27-Feb-2026 18:52:15 Europe/Berlin] Submitted password: 1234
